2026-08-11T18:40:14.1687650Z Current runner version: '2.336.0'
2026-08-11T18:40:14.1705180Z ##[group]Runner Image Provisioner
2026-08-11T18:40:14.1705670Z Hosted Compute Agent
2026-08-11T18:40:14.1706020Z Version: 20260707.563
2026-08-11T18:40:14.1706400Z Commit: 02667638d2b423fbc733a8e32a88b44996a3ba6e
2026-08-11T18:40:14.1706850Z Build Date: 2026-07-07T19:33:50Z
2026-08-11T18:40:14.1707260Z Worker ID: {205b4e68-3b8e-4de1-8c0d-fc4762321590}
2026-08-11T18:40:14.1707740Z Azure Region: westus
2026-08-11T18:40:14.1708140Z ##[endgroup]
2026-08-11T18:40:14.1709140Z ##[group]Operating System
2026-08-11T18:40:14.1709500Z macOS
2026-08-11T18:40:14.1709810Z 26.5.2
2026-08-11T18:40:14.1710120Z 25F84
2026-08-11T18:40:14.1710430Z ##[endgroup]
2026-08-11T18:40:14.1710760Z ##[group]Runner Image
2026-08-11T18:40:14.1711120Z Image: macos-26-arm64
2026-08-11T18:40:14.1711470Z Version: 20260728.0273.1
2026-08-11T18:40:14.1712220Z Included Software: https://github.com/actions/runner-images/blob/macos-26-arm64/20260728.0273/images/macos/macos-26-arm64-Readme.md
2026-08-11T18:40:14.1713180Z Image Release: https://github.com/actions/runner-images/releases/tag/macos-26-arm64%2F20260728.0273
2026-08-11T18:40:14.1713820Z ##[endgroup]
2026-08-11T18:40:14.1714460Z ##[group]GITHUB_TOKEN Permissions
2026-08-11T18:40:14.1715420Z Contents: write
2026-08-11T18:40:14.1715760Z Metadata: read
2026-08-11T18:40:14.1716120Z ##[endgroup]
2026-08-11T18:40:14.1717620Z Secret source: Actions
2026-08-11T18:40:14.1718270Z Prepare workflow directory
2026-08-11T18:40:14.1939400Z Prepare all required actions
2026-08-11T18:40:14.1972220Z Getting action download info
2026-08-11T18:40:14.3259070Z Download action repository 'actions/checkout@v4' (SHA:11d5960a326750d5838078e36cf38b85af677262)
2026-08-11T18:40:14.5810210Z Download action repository 'actions/upload-artifact@v4' (SHA:ea165f8d65b6e75b540449e92b4886f43607fa02)
2026-08-11T18:40:14.7547240Z Complete job name: build
2026-08-11T18:40:14.7981880Z Node 20 is being deprecated. This workflow is running with Node 24 by default. If you need to temporarily use Node 20, you can set the ACTIONS_ALLOW_USE_UNSECURE_NODE_VERSION=true environment variable. For more information see: https://github.blog/changelog/2025-09-19-deprecation-of-node-20-on-github-actions-runners/
2026-08-11T18:40:14.7987900Z ##[group]Run actions/checkout@v4
2026-08-11T18:40:14.7988350Z with:
2026-08-11T18:40:14.7988880Z   repository: 1995xjm-design/KeyboardKit-Demo
2026-08-11T18:40:14.7992000Z   token: ***
2026-08-11T18:40:14.7992370Z   ssh-strict: true
2026-08-11T18:40:14.7992720Z   ssh-user: git
2026-08-11T18:40:14.7993030Z   persist-credentials: true
2026-08-11T18:40:14.7993380Z   clean: true
2026-08-11T18:40:14.7994000Z   sparse-checkout-cone-mode: true
2026-08-11T18:40:14.7994490Z   fetch-depth: 1
2026-08-11T18:40:14.7994800Z   fetch-tags: false
2026-08-11T18:40:14.7995120Z   show-progress: true
2026-08-11T18:40:14.7995430Z   lfs: false
2026-08-11T18:40:14.7995760Z   submodules: false
2026-08-11T18:40:14.7996080Z   set-safe-directory: true
2026-08-11T18:40:14.7996440Z   allow-unsafe-pr-checkout: false
2026-08-11T18:40:14.7997050Z ##[endgroup]
2026-08-11T18:40:15.3641120Z Syncing repository: 1995xjm-design/KeyboardKit-Demo
2026-08-11T18:40:15.3643170Z ##[group]Getting Git version info
2026-08-11T18:40:15.3643900Z Working directory is '/Users/runner/work/KeyboardKit-Demo/KeyboardKit-Demo'
2026-08-11T18:40:15.3644810Z [command]/opt/homebrew/bin/git version
2026-08-11T18:40:15.4050020Z git version 2.55.0
2026-08-11T18:40:15.4077650Z ##[endgroup]
2026-08-11T18:40:15.4085830Z Copying '/Users/runner/.gitconfig' to '/Users/runner/work/_temp/8379a07b-8311-4122-b33a-bf6d878cb4d1/.gitconfig'
2026-08-11T18:40:15.4099450Z Temporarily overriding HOME='/Users/runner/work/_temp/8379a07b-8311-4122-b33a-bf6d878cb4d1' before making global git config changes
2026-08-11T18:40:15.4102150Z Adding repository directory to the temporary git global config as a safe directory
2026-08-11T18:40:15.4104690Z [command]/opt/homebrew/bin/git config --global --add safe.directory /Users/runner/work/KeyboardKit-Demo/KeyboardKit-Demo
2026-08-11T18:40:15.4314180Z Deleting the contents of '/Users/runner/work/KeyboardKit-Demo/KeyboardKit-Demo'
2026-08-11T18:40:15.4320510Z ##[group]Initializing the repository
2026-08-11T18:40:15.4327100Z [command]/opt/homebrew/bin/git init /Users/runner/work/KeyboardKit-Demo/KeyboardKit-Demo
2026-08-11T18:40:15.4619790Z hint: Using 'master' as the name for the initial branch. This default branch name
2026-08-11T18:40:15.4622300Z hint: will change to "main" in Git 3.0. To configure the initial branch name
2026-08-11T18:40:15.4623340Z hint: to use in all of your new repositories, which will suppress this warning,
2026-08-11T18:40:15.4624020Z hint: call:
2026-08-11T18:40:15.4624400Z hint:
2026-08-11T18:40:15.4624860Z hint: 	git config --global init.defaultBranch <name>
2026-08-11T18:40:15.4625620Z hint:
2026-08-11T18:40:15.4626950Z hint: Names commonly chosen instead of 'master' are 'main', 'trunk' and
2026-08-11T18:40:15.4627840Z hint: 'development'. The just-created branch can be renamed via this command:
2026-08-11T18:40:15.4628520Z hint:
2026-08-11T18:40:15.4628920Z hint: 	git branch -m <name>
2026-08-11T18:40:15.4629360Z hint:
2026-08-11T18:40:15.4629930Z hint: Disable this message with "git config set advice.defaultBranchName false"
2026-08-11T18:40:15.4630820Z Initialized empty Git repository in /Users/runner/work/KeyboardKit-Demo/KeyboardKit-Demo/.git/
2026-08-11T18:40:15.4639690Z [command]/opt/homebrew/bin/git remote add origin https://github.com/1995xjm-design/KeyboardKit-Demo
2026-08-11T18:40:15.4744350Z ##[endgroup]
2026-08-11T18:40:15.4745210Z ##[group]Disabling automatic garbage collection
2026-08-11T18:40:15.4746840Z [command]/opt/homebrew/bin/git config --local gc.auto 0
2026-08-11T18:40:15.4866550Z ##[endgroup]
2026-08-11T18:40:15.4867310Z ##[group]Setting up auth
2026-08-11T18:40:15.4882370Z [command]/opt/homebrew/bin/git config --local --name-only --get-regexp core\.sshCommand
2026-08-11T18:40:15.4979280Z [command]/opt/homebrew/bin/git submodule foreach --recursive sh -c "git config --local --name-only --get-regexp 'core\.sshCommand' && git config --local --unset-all 'core.sshCommand' || :"
2026-08-11T18:40:15.6719240Z [command]/opt/homebrew/bin/git config --local --name-only --get-regexp http\.https\:\/\/github\.com\/\.extraheader
2026-08-11T18:40:15.6801810Z [command]/opt/homebrew/bin/git submodule foreach --recursive sh -c "git config --local --name-only --get-regexp 'http\.https\:\/\/github\.com\/\.extraheader' && git config --local --unset-all 'http.https://github.com/.extraheader' || :"
2026-08-11T18:40:15.8026590Z [command]/opt/homebrew/bin/git config --local --name-only --get-regexp ^includeIf\.gitdir:
2026-08-11T18:40:15.8332950Z [command]/opt/homebrew/bin/git submodule foreach --recursive git config --local --show-origin --name-only --get-regexp remote.origin.url
2026-08-11T18:40:15.9445280Z [command]/opt/homebrew/bin/git config --local http.https://github.com/.extraheader AUTHORIZATION: basic ***
2026-08-11T18:40:15.9511940Z ##[endgroup]
2026-08-11T18:40:15.9512820Z ##[group]Fetching the repository
2026-08-11T18:40:15.9517090Z [command]/opt/homebrew/bin/git -c protocol.version=2 fetch --no-tags --prune --no-recurse-submodules --depth=1 origin +a9f194e2f058e8b390128b0c3e45678efa257c20:refs/remotes/origin/main
2026-08-11T18:40:21.2714840Z From https://github.com/1995xjm-design/KeyboardKit-Demo
2026-08-11T18:40:21.2716230Z  * [new ref]         a9f194e2f058e8b390128b0c3e45678efa257c20 -> origin/main
2026-08-11T18:40:21.2720070Z ##[endgroup]
2026-08-11T18:40:21.2720840Z ##[group]Determining the checkout info
2026-08-11T18:40:21.2721420Z ##[endgroup]
2026-08-11T18:40:21.2722070Z [command]/opt/homebrew/bin/git sparse-checkout disable
2026-08-11T18:40:21.2848370Z [command]/opt/homebrew/bin/git config --local --unset-all extensions.worktreeConfig
2026-08-11T18:40:21.2948830Z ##[group]Checking out the ref
2026-08-11T18:40:21.2956130Z [command]/opt/homebrew/bin/git checkout --progress --force -B main refs/remotes/origin/main
2026-08-11T18:40:21.8931590Z Switched to a new branch 'main'
2026-08-11T18:40:21.8957330Z branch 'main' set up to track 'origin/main'.
2026-08-11T18:40:21.8998030Z ##[endgroup]
2026-08-11T18:40:21.9165160Z [command]/opt/homebrew/bin/git log -1 --format=%H
2026-08-11T18:40:21.9251030Z a9f194e2f058e8b390128b0c3e45678efa257c20
2026-08-11T18:40:21.9563480Z ##[group]Run git clone --depth 1 https://github.com/openclaw/openclaw.git OpenClaw
2026-08-11T18:40:21.9565590Z [36;1mgit clone --depth 1 https://github.com/openclaw/openclaw.git OpenClaw[0m
2026-08-11T18:40:21.9786030Z shell: /bin/bash -e {0}
2026-08-11T18:40:21.9786350Z ##[endgroup]
2026-08-11T18:40:22.0363730Z Cloning into 'OpenClaw'...
2026-08-11T18:40:32.6065920Z Updating files:  19% (6072/31846)
2026-08-11T18:40:32.6567330Z Updating files:  20% (6370/31846)
2026-08-11T18:40:32.7070580Z Updating files:  21% (6688/31846)
2026-08-11T18:40:32.7475720Z Updating files:  22% (7007/31846)
2026-08-11T18:40:32.7879590Z Updating files:  23% (7325/31846)
2026-08-11T18:40:32.8471650Z Updating files:  24% (7644/31846)
2026-08-11T18:40:32.9021500Z Updating files:  25% (7962/31846)
2026-08-11T18:40:32.9912070Z Updating files:  26% (8280/31846)
2026-08-11T18:40:33.0469270Z Updating files:  27% (8599/31846)
2026-08-11T18:40:33.0959490Z Updating files:  28% (8917/31846)
2026-08-11T18:40:33.1428030Z Updating files:  29% (9236/31846)
2026-08-11T18:40:33.1828650Z Updating files:  30% (9554/31846)
2026-08-11T18:40:33.2261290Z Updating files:  31% (9873/31846)
2026-08-11T18:40:33.2964450Z Updating files:  32% (10191/31846)
2026-08-11T18:40:33.3567910Z Updating files:  33% (10510/31846)
2026-08-11T18:40:33.3951310Z Updating files:  34% (10828/31846)
2026-08-11T18:40:33.4288910Z Updating files:  35% (11147/31846)
2026-08-11T18:40:33.4826000Z Updating files:  36% (11465/31846)
2026-08-11T18:40:33.4938870Z Updating files:  36% (11762/31846)
2026-08-11T18:40:33.5367260Z Updating files:  37% (11784/31846)
2026-08-11T18:40:33.5774940Z Updating files:  38% (12102/31846)
2026-08-11T18:40:33.6986120Z Updating files:  39% (12420/31846)
2026-08-11T18:40:33.7502160Z Updating files:  40% (12739/31846)
2026-08-11T18:40:33.8774830Z Updating files:  41% (13057/31846)
2026-08-11T18:40:33.9177280Z Updating files:  42% (13376/31846)
2026-08-11T18:40:33.9612300Z Updating files:  43% (13694/31846)
2026-08-11T18:40:34.0050040Z Updating files:  44% (14013/31846)
2026-08-11T18:40:34.0447110Z Updating files:  45% (14331/31846)
2026-08-11T18:40:34.0954820Z Updating files:  46% (14650/31846)
2026-08-11T18:40:34.1395680Z Updating files:  47% (14968/31846)
2026-08-11T18:40:34.1984860Z Updating files:  48% (15287/31846)
2026-08-11T18:40:34.2466780Z Updating files:  49% (15605/31846)
2026-08-11T18:40:34.2997960Z Updating files:  50% (15923/31846)
2026-08-11T18:40:34.3463970Z Updating files:  51% (16242/31846)
2026-08-11T18:40:34.3902590Z Updating files:  52% (16560/31846)
2026-08-11T18:40:34.4327180Z Updating files:  53% (16879/31846)
2026-08-11T18:40:34.4782770Z Updating files:  54% (17197/31846)
2026-08-11T18:40:34.4833540Z Updating files:  55% (17516/31846)
2026-08-11T18:40:34.5322530Z Updating files:  55% (17547/31846)
2026-08-11T18:40:34.5768530Z Updating files:  56% (17834/31846)
2026-08-11T18:40:34.6207370Z Updating files:  57% (18153/31846)
2026-08-11T18:40:34.7802200Z Updating files:  58% (18471/31846)
2026-08-11T18:40:34.8135850Z Updating files:  59% (18790/31846)
2026-08-11T18:40:34.8769650Z Updating files:  60% (19108/31846)
2026-08-11T18:40:34.9139530Z Updating files:  61% (19427/31846)
2026-08-11T18:40:34.9590700Z Updating files:  62% (19745/31846)
2026-08-11T18:40:35.0258390Z Updating files:  63% (20063/31846)
2026-08-11T18:40:35.0728760Z Updating files:  64% (20382/31846)
2026-08-11T18:40:35.1103950Z Updating files:  65% (20700/31846)
2026-08-11T18:40:35.1472190Z Updating files:  66% (21019/31846)
2026-08-11T18:40:35.2070840Z Updating files:  67% (21337/31846)
2026-08-11T18:40:35.2664830Z Updating files:  68% (21656/31846)
2026-08-11T18:40:35.3203850Z Updating files:  69% (21974/31846)
2026-08-11T18:40:35.3719550Z Updating files:  70% (22293/31846)
2026-08-11T18:40:35.4269600Z Updating files:  71% (22611/31846)
2026-08-11T18:40:35.4840800Z Updating files:  72% (22930/31846)
2026-08-11T18:40:35.4893290Z Updating files:  72% (23221/31846)
2026-08-11T18:40:35.5488040Z Updating files:  73% (23248/31846)
2026-08-11T18:40:35.6059380Z Updating files:  74% (23567/31846)
2026-08-11T18:40:35.6431000Z Updating files:  75% (23885/31846)
2026-08-11T18:40:35.6832600Z Updating files:  76% (24203/31846)
2026-08-11T18:40:35.7238870Z Updating files:  77% (24522/31846)
2026-08-11T18:40:35.8345330Z Updating files:  78% (24840/31846)
2026-08-11T18:40:35.8934990Z Updating files:  79% (25159/31846)
2026-08-11T18:40:35.9520480Z Updating files:  80% (25477/31846)
2026-08-11T18:40:35.9943980Z Updating files:  81% (25796/31846)
2026-08-11T18:40:36.0641450Z Updating files:  82% (26114/31846)
2026-08-11T18:40:36.1237540Z Updating files:  83% (26433/31846)
2026-08-11T18:40:36.1638020Z Updating files:  84% (26751/31846)
2026-08-11T18:40:36.2395160Z Updating files:  85% (27070/31846)
2026-08-11T18:40:36.2876370Z Updating files:  86% (27388/31846)
2026-08-11T18:40:36.3766650Z Updating files:  87% (27707/31846)
2026-08-11T18:40:36.4949740Z Updating files:  88% (28025/31846)
2026-08-11T18:40:36.5105340Z Updating files:  88% (28319/31846)
2026-08-11T18:40:36.5583110Z Updating files:  89% (28343/31846)
2026-08-11T18:40:36.6153350Z Updating files:  90% (28662/31846)
2026-08-11T18:40:36.6903060Z Updating files:  91% (28980/31846)
2026-08-11T18:40:36.7273480Z Updating files:  92% (29299/31846)
2026-08-11T18:40:36.7818280Z Updating files:  93% (29617/31846)
2026-08-11T18:40:36.8296660Z Updating files:  94% (29936/31846)
2026-08-11T18:40:37.0045210Z Updating files:  95% (30254/31846)
2026-08-11T18:40:37.0688680Z Updating files:  96% (30573/31846)
2026-08-11T18:40:37.1543150Z Updating files:  97% (30891/31846)
2026-08-11T18:40:37.2196370Z Updating files:  98% (31210/31846)
2026-08-11T18:40:37.2854790Z Updating files:  99% (31528/31846)
2026-08-11T18:40:37.2855960Z Updating files: 100% (31846/31846)
2026-08-11T18:40:37.2857370Z Updating files: 100% (31846/31846), done.
2026-08-11T18:40:37.3339430Z ##[group]Run mkdir -p build
2026-08-11T18:40:37.3339670Z [36;1mmkdir -p build[0m
2026-08-11T18:40:37.3340000Z [36;1mcat > build/Version.xcconfig <<'EOF'[0m
2026-08-11T18:40:37.3340330Z [36;1mOPENCLAW_MARKETING_VERSION = 2026.8.0[0m
2026-08-11T18:40:37.3340680Z [36;1mOPENCLAW_BUILD_VERSION = 1[0m
2026-08-11T18:40:37.3340880Z [36;1mOPENCLAW_IOS_VERSION = 2026.8.0[0m
2026-08-11T18:40:37.3341100Z [36;1mOPENCLAW_GIT_COMMIT = ci-build[0m
2026-08-11T18:40:37.3341340Z [36;1mOPENCLAW_BUILD_TIMESTAMP = 2026-08-09T00:00:00Z[0m
2026-08-11T18:40:37.3341640Z [36;1mEOF[0m
2026-08-11T18:40:37.3403220Z shell: /bin/bash -e {0}
2026-08-11T18:40:37.3403580Z ##[endgroup]
2026-08-11T18:40:37.4157360Z ##[group]Run find Sources ShareExtension ActivityWidget WatchApp -name '*.swift' -print | sort > SwiftSources.input.xcfilelist
2026-08-11T18:40:37.4159670Z [36;1mfind Sources ShareExtension ActivityWidget WatchApp -name '*.swift' -print | sort > SwiftSources.input.xcfilelist[0m
2026-08-11T18:40:37.4212730Z shell: /bin/bash -e {0}
2026-08-11T18:40:37.4213260Z ##[endgroup]
2026-08-11T18:40:37.4983580Z ##[group]Run cp -R ../zh-files/apps/ios/* apps/ios/
2026-08-11T18:40:37.4983950Z [36;1mcp -R ../zh-files/apps/ios/* apps/ios/[0m
2026-08-11T18:40:37.4984440Z [36;1mtest -f apps/ios/Sources/Design/AppLanguagePreference.swift[0m
2026-08-11T18:40:37.4984980Z [36;1mgrep -q "Restart the app to apply the language change" apps/ios/Sources/Design/SettingsProTabSections.swift[0m
2026-08-11T18:40:37.4985760Z [36;1mgrep -q "AppLanguagePreference.applySavedPreference" apps/ios/Sources/OpenClawApp.swift[0m
2026-08-11T18:40:37.4986290Z [36;1mgrep -c "zh-CN" apps/ios/Resources/Localizable.xcstrings[0m
2026-08-11T18:40:37.5024150Z shell: /bin/bash -e {0}
2026-08-11T18:40:37.5024850Z ##[endgroup]
2026-08-11T18:40:37.9267270Z 1792
2026-08-11T18:40:37.9312850Z ##[group]Run sw_vers
2026-08-11T18:40:37.9313090Z [36;1msw_vers[0m
2026-08-11T18:40:37.9313600Z [36;1mxcodebuild -version[0m
2026-08-11T18:40:37.9313800Z [36;1mswift --version[0m
2026-08-11T18:40:37.9349940Z shell: /bin/bash -e {0}
2026-08-11T18:40:37.9350200Z ##[endgroup]
2026-08-11T18:40:37.9922360Z ProductName:		macOS
2026-08-11T18:40:37.9932010Z ProductVersion:		26.5.2
2026-08-11T18:40:37.9932560Z BuildVersion:		25F84
2026-08-11T18:40:38.3503160Z Xcode 26.6
2026-08-11T18:40:38.3520720Z Build version 17F113
2026-08-11T18:40:42.3401870Z Apple Swift version 6.3.3 (swiftlang-6.3.3.1.3 clang-2100.1.1.101)
2026-08-11T18:40:42.3405280Z Target: arm64-apple-macosx26.0
2026-08-11T18:40:42.3483450Z swift-driver version: 1.148.6 
2026-08-11T18:40:42.3554550Z ##[group]Run brew install xcodegen swiftformat
2026-08-11T18:40:42.3554980Z [36;1mbrew install xcodegen swiftformat[0m
2026-08-11T18:40:42.3596470Z shell: /bin/bash -e {0}
2026-08-11T18:40:42.3596760Z ##[endgroup]
2026-08-11T18:40:44.3007850Z [33mWarning:[0m swiftformat 0.62.1 is already installed and up-to-date.
2026-08-11T18:40:44.3008420Z To reinstall 0.62.1, run:
2026-08-11T18:40:44.3008850Z   brew reinstall swiftformat
2026-08-11T18:40:44.4862780Z ##[warning]The following taps are not trusted:
  aws/tap

Homebrew is currently ignoring formulae, casks and commands from these taps because tap trust is required.

Untap them with:
  brew untap aws/tap
Trust specific formulae, casks and commands with:
  brew trust --formula <user>/<tap>/<formula>
  brew trust --cask <user>/<tap>/<cask>
  brew trust --command <user>/<tap>/<command>
Whole-tap trust is broader and includes all current and future formulae,
casks and commands from the listed taps. Trust whole taps with:
  brew trust aws/tap
To disable trust checks:
  export HOMEBREW_NO_REQUIRE_TAP_TRUST=1
This is not recommended and will be removed in a later release.
For more information, see:
  https://docs.brew.sh/Tap-Trust
2026-08-11T18:40:44.8185550Z [34m==>[0m [1mWould install 1 formula:[0m
2026-08-11T18:40:44.8186980Z xcodegen
2026-08-11T18:40:44.8220840Z [34m==>[0m [1mDownloading https://ghcr.io/v2/homebrew/core/xcodegen/manifests/2.46.0-1[0m
2026-08-11T18:40:45.2929190Z [32m==>[0m [1mFetching downloads for: [32mxcodegen[39m[0m
2026-08-11T18:40:45.7214520Z ✔︎ Bottle xcodegen (2.46.0)
2026-08-11T18:40:45.7563080Z [34m==>[0m [1mPouring xcodegen--2.46.0.arm64_tahoe.bottle.1.tar.gz[0m
2026-08-11T18:40:45.8324170Z 🍺  /opt/homebrew/Cellar/xcodegen/2.46.0: 38 files, 7.4MB
2026-08-11T18:40:45.8668940Z ##[group]Run # Fix formatting so the official SwiftFormat lint phase (error-level) passes.
2026-08-11T18:40:45.8669660Z [36;1m# Fix formatting so the official SwiftFormat lint phase (error-level) passes.[0m
2026-08-11T18:40:45.8670320Z [36;1m# Our zh/EdgeTTS edits are wrapped/line-broken here; official lint would otherwise fail.[0m
2026-08-11T18:40:45.8671230Z [36;1mswiftformat --config "$PWD/../../config/swiftformat" \[0m
2026-08-11T18:40:45.8671690Z [36;1m  --unexclude "$PWD/Sources" \[0m
2026-08-11T18:40:45.8672190Z [36;1m  --filelist "$PWD/SwiftSources.input.xcfilelist" || echo "swiftformat fix had warnings (continuing)"[0m
2026-08-11T18:40:45.8672820Z [36;1m# Verify the files no longer fail lint before archiving[0m
2026-08-11T18:40:45.8673230Z [36;1mswiftformat --lint --config "$PWD/../../config/swiftformat" \[0m
2026-08-11T18:40:45.8673620Z [36;1m  --unexclude "$PWD/Sources" \[0m
2026-08-11T18:40:45.8673980Z [36;1m  --filelist "$PWD/SwiftSources.input.xcfilelist"[0m
2026-08-11T18:40:45.8825540Z shell: /bin/bash -e {0}
2026-08-11T18:40:45.8825800Z ##[endgroup]
2026-08-11T18:40:45.9962100Z Running SwiftFormat...
2026-08-11T18:41:07.7061480Z SwiftFormat completed in 21.72s.
2026-08-11T18:41:07.7062280Z 37/173 files formatted.
2026-08-11T18:41:07.7301490Z Running SwiftFormat...
2026-08-11T18:41:07.7302170Z (lint mode - no files will be changed.)
2026-08-11T18:41:07.8523100Z SwiftFormat completed in 0.12s.
2026-08-11T18:41:07.8523710Z 0/173 files require formatting.
2026-08-11T18:41:07.8606820Z ##[group]Run xcodegen generate
2026-08-11T18:41:07.8607130Z [36;1mxcodegen generate[0m
2026-08-11T18:41:07.8663080Z shell: /bin/bash -e {0}
2026-08-11T18:41:07.8663420Z ##[endgroup]
2026-08-11T18:41:07.9810750Z ⚙️  Generating plists...
2026-08-11T18:41:07.9820380Z ⚙️  Generating project...
2026-08-11T18:41:08.0786120Z ⚙️  Writing project...
2026-08-11T18:41:08.1039260Z Created project at /Users/runner/work/KeyboardKit-Demo/KeyboardKit-Demo/OpenClaw/apps/ios/OpenClaw.xcodeproj
2026-08-11T18:41:08.1085390Z ##[group]Run set +e
2026-08-11T18:41:08.1085690Z [36;1mset +e[0m
2026-08-11T18:41:08.1085990Z [36;1mxcodebuild archive \[0m
2026-08-11T18:41:08.1086280Z [36;1m  -project OpenClaw.xcodeproj \[0m
2026-08-11T18:41:08.1086660Z [36;1m  -scheme OpenClaw \[0m
2026-08-11T18:41:08.1086900Z [36;1m  -configuration Release \[0m
2026-08-11T18:41:08.1087240Z [36;1m  -destination 'generic/platform=iOS' \[0m
2026-08-11T18:41:08.1087550Z [36;1m  -archivePath build/OpenClaw.xcarchive \[0m
2026-08-11T18:41:08.1087900Z [36;1m  CODE_SIGN_IDENTITY="" \[0m
2026-08-11T18:41:08.1088160Z [36;1m  CODE_SIGNING_REQUIRED=NO \[0m
2026-08-11T18:41:08.1088540Z [36;1m  CODE_SIGNING_ALLOWED=NO > build/xcodebuild.log 2>&1[0m
2026-08-11T18:41:08.1088850Z [36;1mstatus=$?[0m
2026-08-11T18:41:08.1089110Z [36;1mif [ $status -ne 0 ]; then[0m
2026-08-11T18:41:08.1089400Z [36;1m  echo "=== ERROR LINES ==="[0m
2026-08-11T18:41:08.1090040Z [36;1m  grep -E "error:|The following build commands failed|fatal error|Command .* failed" build/xcodebuild.log | head -n 40[0m
2026-08-11T18:41:08.1090740Z [36;1m  echo "=== TAIL ==="[0m
2026-08-11T18:41:08.1091220Z [36;1m  tail -n 50 build/xcodebuild.log[0m
2026-08-11T18:41:08.1091620Z [36;1m  {[0m
2026-08-11T18:41:08.1092270Z [36;1m    grep -E "error:|The following build commands failed|fatal error|Command .* failed" build/xcodebuild.log | head -n 40[0m
2026-08-11T18:41:08.1092780Z [36;1m    echo "--- tail ---"[0m
2026-08-11T18:41:08.1093160Z [36;1m    tail -n 50 build/xcodebuild.log[0m
2026-08-11T18:41:08.1093550Z [36;1m  } | sed 's/%/%25/g; s/\r/%0D/g; s/\n/%0A/g; s/:/%3A/g; s/,/%2C/g' | while IFS= read -r line; do[0m
2026-08-11T18:41:08.1093980Z [36;1m    echo "::error::$line"[0m
2026-08-11T18:41:08.1094250Z [36;1m  done[0m
2026-08-11T18:41:08.1094520Z [36;1m  exit $status[0m
2026-08-11T18:41:08.1094730Z [36;1mfi[0m
2026-08-11T18:41:08.1148270Z shell: /bin/bash -e {0}
2026-08-11T18:41:08.1148580Z ##[endgroup]
2026-08-11T18:48:41.5535280Z === ERROR LINES ===
2026-08-11T18:48:41.6960470Z error: swiftlint 0.65.0 is required
2026-08-11T18:48:41.7066620Z The following build commands failed:
2026-08-11T18:48:41.7081110Z === TAIL ===
2026-08-11T18:48:41.7087420Z     export USE_HEADER_SYMLINKS\=NO
2026-08-11T18:48:41.7215180Z     export VALIDATE_DEVELOPMENT_ASSET_PATHS\=YES_ERROR
2026-08-11T18:48:41.7254620Z     export VALIDATE_PRODUCT\=NO
2026-08-11T18:48:41.7255190Z     export VALID_ARCHS\=arm64\ arm64e\ armv7\ armv7s
2026-08-11T18:48:41.7255730Z     export VERBOSE_PBXCP\=NO
2026-08-11T18:48:41.7256340Z     export VERSIONPLIST_PATH\=OpenClaw.app/version.plist
2026-08-11T18:48:41.7257740Z     export VERSION_INFO_BUILDER\=runner
2026-08-11T18:48:41.7258190Z     export VERSION_INFO_FILE\=OpenClaw_vers.c
2026-08-11T18:48:41.7258820Z     export VERSION_INFO_STRING\=\"@\(\#\)PROGRAM:OpenClaw\ \ PROJECT:OpenClaw-\"
2026-08-11T18:48:41.7262870Z     export WATCHKIT_2_SUPPORT_FOLDER_PATH\=/Users/runner/Library/Developer/Xcode/DerivedData/OpenClaw-gnkauqpykxkslfgctvvuiumfkunm/Build/Intermediates.noindex/ArchiveIntermediates/OpenClaw/BuildProductsPath/WatchKitSupport2
2026-08-11T18:48:41.7365110Z     export WORKSPACE_DIR\=/Users/runner/work/KeyboardKit-Demo/KeyboardKit-Demo/OpenClaw/apps/ios/OpenClaw.xcodeproj
2026-08-11T18:48:41.7469970Z     export WRAPPER_EXTENSION\=app
2026-08-11T18:48:41.7588160Z     export WRAPPER_NAME\=OpenClaw.app
2026-08-11T18:48:41.7691660Z     export WRAPPER_SUFFIX\=.app
2026-08-11T18:48:41.7797290Z     export WRAP_ASSET_PACKS_IN_SEPARATE_DIRECTORIES\=NO
2026-08-11T18:48:41.7938510Z     export XCODE_APP_SUPPORT_DIR\=/Applications/Xcode_26.6.app/Contents/Developer/Library/Xcode
2026-08-11T18:48:41.8071010Z     export XCODE_PRODUCT_BUILD_VERSION\=17F113
2026-08-11T18:48:41.8175070Z     export XCODE_VERSION_ACTUAL\=2660
2026-08-11T18:48:41.8279100Z     export XCODE_VERSION_MAJOR\=2600
2026-08-11T18:48:41.8388910Z     export XCODE_VERSION_MINOR\=2660
2026-08-11T18:48:41.8481650Z     export XPCSERVICES_FOLDER_PATH\=OpenClaw.app/XPCServices
2026-08-11T18:48:41.8499490Z     export YACC\=yacc
2026-08-11T18:48:41.8500270Z     export _DISCOVER_COMMAND_LINE_LINKER_INPUTS\=YES
2026-08-11T18:48:41.8504750Z     export _DISCOVER_COMMAND_LINE_LINKER_INPUTS_INCLUDE_WL\=YES
2026-08-11T18:48:41.8510730Z     export _LD_MULTIARCH\=YES
2026-08-11T18:48:41.8531820Z     export _WRAPPER_CONTENTS_DIR_SHALLOW_BUNDLE_NO\=/Contents
2026-08-11T18:48:41.8532650Z     export _WRAPPER_PARENT_PATH_SHALLOW_BUNDLE_NO\=/..
2026-08-11T18:48:41.8539910Z     export _WRAPPER_RESOURCES_DIR_SHALLOW_BUNDLE_NO\=/Resources
2026-08-11T18:48:41.8542760Z     export __DIAGNOSE_DEPRECATED_ARCHS\=YES
2026-08-11T18:48:41.8543240Z     export __IS_NOT_MACOS\=YES
2026-08-11T18:48:41.8543870Z     export __IS_NOT_MACOS_macosx\=NO
2026-08-11T18:48:41.8544510Z     export __IS_NOT_SIMULATOR\=YES
2026-08-11T18:48:41.8545290Z     export __IS_NOT_SIMULATOR_simulator\=NO
2026-08-11T18:48:41.8545840Z     export __ORIGINAL_SDK_DEFINED_LLVM_TARGET_TRIPLE_SYS\=ios
2026-08-11T18:48:41.8546520Z     export arch\=undefined_arch
2026-08-11T18:48:41.8554760Z     export variant\=normal
2026-08-11T18:48:41.8561000Z     /bin/sh -c /Users/runner/Library/Developer/Xcode/DerivedData/OpenClaw-gnkauqpykxkslfgctvvuiumfkunm/Build/Intermediates.noindex/ArchiveIntermediates/OpenClaw/IntermediateBuildFilesPath/OpenClaw.build/Release-iphoneos/OpenClaw.build/Script-6CF536C8541849FB6C8858A0.sh
2026-08-11T18:48:41.8563720Z error: swiftlint 0.65.0 is required
2026-08-11T18:48:41.8564340Z install pinned tools with: scripts/install-swift-tools.sh .build/swift-tools
2026-08-11T18:48:41.8564850Z 
2026-08-11T18:48:41.8566220Z note: Run script build phase 'Stage Canvas A2UI resources' will be run during every build because the option to run the script phase "Based on dependency analysis" is unchecked. (in target 'OpenClaw' from project 'OpenClaw')
2026-08-11T18:48:41.8568080Z note: Run script build phase 'SwiftLint' will be run during every build because the option to run the script phase "Based on dependency analysis" is unchecked. (in target 'OpenClaw' from project 'OpenClaw')
2026-08-11T18:48:41.8600300Z note: Run script build phase 'SwiftFormat (lint)' will be run during every build because the option to run the script phase "Based on dependency analysis" is unchecked. (in target 'OpenClaw' from project 'OpenClaw')
2026-08-11T18:48:41.8602590Z ** ARCHIVE FAILED **
2026-08-11T18:48:41.8604160Z 
2026-08-11T18:48:41.8604180Z 
2026-08-11T18:48:41.8604930Z The following build commands failed:
2026-08-11T18:48:41.8609190Z 	PhaseScriptExecution SwiftLint /Users/runner/Library/Developer/Xcode/DerivedData/OpenClaw-gnkauqpykxkslfgctvvuiumfkunm/Build/Intermediates.noindex/ArchiveIntermediates/OpenClaw/IntermediateBuildFilesPath/OpenClaw.build/Release-iphoneos/OpenClaw.build/Script-6CF536C8541849FB6C8858A0.sh (in target 'OpenClaw' from project 'OpenClaw')
2026-08-11T18:48:41.8613250Z 	Archiving project OpenClaw with scheme OpenClaw
2026-08-11T18:48:41.8614910Z (2 failures)
2026-08-11T18:48:41.8671070Z ##[error]error%3A swiftlint 0.65.0 is required
2026-08-11T18:48:41.8680310Z ##[error]The following build commands failed%3A
2026-08-11T18:48:41.8682960Z ##[error]--- tail ---
2026-08-11T18:48:41.8684580Z ##[error]    export USE_HEADER_SYMLINKS\=NO
2026-08-11T18:48:41.8687280Z ##[error]    export VALIDATE_DEVELOPMENT_ASSET_PATHS\=YES_ERROR
2026-08-11T18:48:41.8691130Z ##[error]    export VALIDATE_PRODUCT\=NO
2026-08-11T18:48:41.8693060Z ##[error]    export VALID_ARCHS\=arm64\ arm64e\ armv7\ armv7s
2026-08-11T18:48:41.8694760Z ##[error]    export VERBOSE_PBXCP\=NO
2026-08-11T18:48:41.8696500Z ##[error]    export VERSIONPLIST_PATH\=OpenClaw.app/version.plist
2026-08-11T18:48:41.8698940Z ##[error]    export VERSION_INFO_BUILDER\=runner
2026-08-11T18:48:41.8873800Z ##[error]    export VERSION_INFO_FILE\=OpenClaw_vers.c
2026-08-11T18:48:41.8877370Z ##[error]    export VERSION_INFO_STRING\=\"@\(\#\)PROGRAM%3AOpenClaw\ \ PROJECT%3AOpenClaw-\"
2026-08-11T18:48:41.8880660Z ##[error]    export WATCHKIT_2_SUPPORT_FOLDER_PATH\=/Users/runner/Library/Developer/Xcode/DerivedData/OpenClaw-gnkauqpykxkslfgctvvuiumfkunm/Build/Intermediates.noindex/ArchiveIntermediates/OpenClaw/BuildProductsPath/WatchKitSupport2
2026-08-11T18:48:41.8886230Z ##[error]    export WORKSPACE_DIR\=/Users/runner/work/KeyboardKit-Demo/KeyboardKit-Demo/OpenClaw/apps/ios/OpenClaw.xcodeproj
2026-08-11T18:48:41.8887500Z ##[error]    export WRAPPER_EXTENSION\=app
2026-08-11T18:48:41.8889830Z ##[error]    export WRAPPER_NAME\=OpenClaw.app
2026-08-11T18:48:41.8893820Z ##[error]    export WRAPPER_SUFFIX\=.app
2026-08-11T18:48:41.8897320Z ##[error]    export WRAP_ASSET_PACKS_IN_SEPARATE_DIRECTORIES\=NO
2026-08-11T18:48:41.8901700Z ##[error]    export XCODE_APP_SUPPORT_DIR\=/Applications/Xcode_26.6.app/Contents/Developer/Library/Xcode
2026-08-11T18:48:41.8903070Z ##[error]    export XCODE_PRODUCT_BUILD_VERSION\=17F113
2026-08-11T18:48:41.8904670Z ##[error]    export XCODE_VERSION_ACTUAL\=2660
2026-08-11T18:48:41.8906060Z ##[error]    export XCODE_VERSION_MAJOR\=2600
2026-08-11T18:48:41.8907460Z ##[error]    export XCODE_VERSION_MINOR\=2660
2026-08-11T18:48:41.8909260Z ##[error]    export XPCSERVICES_FOLDER_PATH\=OpenClaw.app/XPCServices
2026-08-11T18:48:41.8911110Z ##[error]    export YACC\=yacc
2026-08-11T18:48:41.8912480Z ##[error]    export _DISCOVER_COMMAND_LINE_LINKER_INPUTS\=YES
2026-08-11T18:48:41.8914120Z ##[error]    export _DISCOVER_COMMAND_LINE_LINKER_INPUTS_INCLUDE_WL\=YES
2026-08-11T18:48:41.8917830Z ##[error]    export _LD_MULTIARCH\=YES
2026-08-11T18:48:41.8919400Z ##[error]    export _WRAPPER_CONTENTS_DIR_SHALLOW_BUNDLE_NO\=/Contents
2026-08-11T18:48:41.8921210Z ##[error]    export _WRAPPER_PARENT_PATH_SHALLOW_BUNDLE_NO\=/..
2026-08-11T18:48:41.8923920Z ##[error]    export _WRAPPER_RESOURCES_DIR_SHALLOW_BUNDLE_NO\=/Resources
2026-08-11T18:48:41.8925330Z ##[error]    export __DIAGNOSE_DEPRECATED_ARCHS\=YES
2026-08-11T18:48:41.8926840Z ##[error]    export __IS_NOT_MACOS\=YES
2026-08-11T18:48:41.8928770Z ##[error]    export __IS_NOT_MACOS_macosx\=NO
2026-08-11T18:48:41.8930350Z ##[error]    export __IS_NOT_SIMULATOR\=YES
2026-08-11T18:48:41.8932400Z ##[error]    export __IS_NOT_SIMULATOR_simulator\=NO
2026-08-11T18:48:41.8938580Z ##[error]    export __ORIGINAL_SDK_DEFINED_LLVM_TARGET_TRIPLE_SYS\=ios
2026-08-11T18:48:41.8941410Z ##[error]    export arch\=undefined_arch
2026-08-11T18:48:41.8943400Z ##[error]    export variant\=normal
2026-08-11T18:48:41.8947440Z ##[error]    /bin/sh -c /Users/runner/Library/Developer/Xcode/DerivedData/OpenClaw-gnkauqpykxkslfgctvvuiumfkunm/Build/Intermediates.noindex/ArchiveIntermediates/OpenClaw/IntermediateBuildFilesPath/OpenClaw.build/Release-iphoneos/OpenClaw.build/Script-6CF536C8541849FB6C8858A0.sh
2026-08-11T18:48:41.8949240Z ##[error]error%3A swiftlint 0.65.0 is required
2026-08-11T18:48:41.8950420Z ##[error]install pinned tools with%3A scripts/install-swift-tools.sh .build/swift-tools
2026-08-11T18:48:41.8953210Z ##[error]note%3A Run script build phase 'Stage Canvas A2UI resources' will be run during every build because the option to run the script phase "Based on dependency analysis" is unchecked. (in target 'OpenClaw' from project 'OpenClaw')
2026-08-11T18:48:41.8958460Z ##[error]note%3A Run script build phase 'SwiftLint' will be run during every build because the option to run the script phase "Based on dependency analysis" is unchecked. (in target 'OpenClaw' from project 'OpenClaw')
2026-08-11T18:48:41.8961070Z ##[error]note%3A Run script build phase 'SwiftFormat (lint)' will be run during every build because the option to run the script phase "Based on dependency analysis" is unchecked. (in target 'OpenClaw' from project 'OpenClaw')
2026-08-11T18:48:41.8962960Z ##[error]** ARCHIVE FAILED **
2026-08-11T18:48:41.8970830Z ##[error]The following build commands failed%3A
2026-08-11T18:48:41.8977270Z ##[error]	PhaseScriptExecution SwiftLint /Users/runner/Library/Developer/Xcode/DerivedData/OpenClaw-gnkauqpykxkslfgctvvuiumfkunm/Build/Intermediates.noindex/ArchiveIntermediates/OpenClaw/IntermediateBuildFilesPath/OpenClaw.build/Release-iphoneos/OpenClaw.build/Script-6CF536C8541849FB6C8858A0.sh (in target 'OpenClaw' from project 'OpenClaw')
2026-08-11T18:48:41.8979830Z ##[error]	Archiving project OpenClaw with scheme OpenClaw
2026-08-11T18:48:41.8980860Z ##[error](2 failures)
2026-08-11T18:48:41.8991710Z ##[error]Process completed with exit code 65.
2026-08-11T18:48:41.9487270Z Node 20 is being deprecated. This workflow is running with Node 24 by default. If you need to temporarily use Node 20, you can set the ACTIONS_ALLOW_USE_UNSECURE_NODE_VERSION=true environment variable. For more information see: https://github.blog/changelog/2025-09-19-deprecation-of-node-20-on-github-actions-runners/
2026-08-11T18:48:41.9491960Z ##[group]Run actions/upload-artifact@v4
2026-08-11T18:48:41.9492550Z with:
2026-08-11T18:48:41.9493050Z   name: OpenClaw-iOS-zh-unsigned
2026-08-11T18:48:41.9493910Z   path: OpenClaw/apps/ios/build/ipa/OpenClaw.ipa
OpenClaw/apps/ios/build/xcodebuild.log

2026-08-11T18:48:41.9494830Z   if-no-files-found: ignore
2026-08-11T18:48:41.9495300Z   retention-days: 7
2026-08-11T18:48:41.9495750Z   compression-level: 6
2026-08-11T18:48:41.9496190Z   overwrite: false
2026-08-11T18:48:41.9496660Z   include-hidden-files: false
2026-08-11T18:48:41.9497140Z ##[endgroup]
2026-08-11T18:48:43.0888000Z (node:30421) [DEP0040] DeprecationWarning: The `punycode` module is deprecated. Please use a userland alternative instead.
2026-08-11T18:48:43.0938780Z (Use `node --trace-deprecation ...` to show where the warning was created)
2026-08-11T18:48:43.1017240Z Multiple search paths detected. Calculating the least common ancestor of all paths
2026-08-11T18:48:43.1018390Z The least common ancestor is /Users/runner/work/KeyboardKit-Demo/KeyboardKit-Demo/OpenClaw/apps/ios/build. This will be the root directory of the artifact
2026-08-11T18:48:43.1019140Z With the provided path, there will be 1 file uploaded
2026-08-11T18:48:43.1019700Z Artifact name is valid!
2026-08-11T18:48:43.1019930Z Root directory input is valid!
2026-08-11T18:48:43.3778990Z Beginning upload of artifact content to blob storage
2026-08-11T18:48:43.4544130Z (node:30421) [DEP0169] DeprecationWarning: `url.parse()` behavior is not standardized and prone to errors that have security implications. Use the WHATWG URL API instead. CVEs are not issued for `url.parse()` vulnerabilities.
2026-08-11T18:48:43.4922020Z Uploaded bytes 126421
2026-08-11T18:48:43.5082040Z Finished uploading artifact content to blob storage!
2026-08-11T18:48:43.5083630Z SHA256 digest of uploaded artifact zip is 2e9fc61a749ffe508817b4886cb0f21a72cf4ebdebf2f140eb32c59d222df2c7
2026-08-11T18:48:43.5084900Z Finalizing artifact upload
2026-08-11T18:48:43.6932980Z Artifact OpenClaw-iOS-zh-unsigned.zip successfully finalized. Artifact ID 9114404343
2026-08-11T18:48:43.6945340Z Artifact OpenClaw-iOS-zh-unsigned has been successfully uploaded! Final size is 126421 bytes. Artifact ID is 9114404343
2026-08-11T18:48:43.6972820Z Artifact download URL: https://github.com/1995xjm-design/KeyboardKit-Demo/actions/runs/31523920475/artifacts/9114404343
2026-08-11T18:48:43.7371190Z Node 20 is being deprecated. This workflow is running with Node 24 by default. If you need to temporarily use Node 20, you can set the ACTIONS_ALLOW_USE_UNSECURE_NODE_VERSION=true environment variable. For more information see: https://github.blog/changelog/2025-09-19-deprecation-of-node-20-on-github-actions-runners/
2026-08-11T18:48:43.7372600Z Post job cleanup.
2026-08-11T18:48:43.9597500Z [command]/opt/homebrew/bin/git version
2026-08-11T18:48:44.0298320Z git version 2.55.0
2026-08-11T18:48:44.0379480Z Copying '/Users/runner/.gitconfig' to '/Users/runner/work/_temp/4d150a16-85ab-4191-aa38-27a5f6603cd5/.gitconfig'
2026-08-11T18:48:44.0380810Z Temporarily overriding HOME='/Users/runner/work/_temp/4d150a16-85ab-4191-aa38-27a5f6603cd5' before making global git config changes
2026-08-11T18:48:44.0381500Z Adding repository directory to the temporary git global config as a safe directory
2026-08-11T18:48:44.0382490Z [command]/opt/homebrew/bin/git config --global --add safe.directory /Users/runner/work/KeyboardKit-Demo/KeyboardKit-Demo
2026-08-11T18:48:44.0525590Z [command]/opt/homebrew/bin/git config --local --name-only --get-regexp core\.sshCommand
2026-08-11T18:48:44.0794080Z [command]/opt/homebrew/bin/git submodule foreach --recursive sh -c "git config --local --name-only --get-regexp 'core\.sshCommand' && git config --local --unset-all 'core.sshCommand' || :"
2026-08-11T18:48:44.3111760Z [command]/opt/homebrew/bin/git config --local --name-only --get-regexp http\.https\:\/\/github\.com\/\.extraheader
2026-08-11T18:48:44.3348410Z http.https://github.com/.extraheader
2026-08-11T18:48:44.3406400Z [command]/opt/homebrew/bin/git config --local --unset-all http.https://github.com/.extraheader
2026-08-11T18:48:44.3611930Z [command]/opt/homebrew/bin/git submodule foreach --recursive sh -c "git config --local --name-only --get-regexp 'http\.https\:\/\/github\.com\/\.extraheader' && git config --local --unset-all 'http.https://github.com/.extraheader' || :"
2026-08-11T18:48:44.5710360Z [command]/opt/homebrew/bin/git config --local --name-only --get-regexp ^includeIf\.gitdir:
2026-08-11T18:48:44.5970510Z [command]/opt/homebrew/bin/git submodule foreach --recursive git config --local --show-origin --name-only --get-regexp remote.origin.url
2026-08-11T18:48:44.8602850Z Cleaning up orphan processes
2026-08-11T18:48:45.9978590Z Terminate orphan process: pid (26446) (ibtoold)
2026-08-11T18:48:46.5337430Z ##[warning]Node.js 20 is deprecated. The following actions target Node.js 20 but are being forced to run on Node.js 24: actions/checkout@v4, actions/upload-artifact@v4. For more information see: https://github.blog/changelog/2025-09-19-deprecation-of-node-20-on-github-actions-runners/
